0,0,59.98776991502763,0.18199200000000001,9.996223093651084
